app/api/verify/route.ts(3,37): error TS2307: Cannot find module '@langchain/community/tools/tavily_search' or its corresponding type declarations.
app/api/verify/route.ts(28,30): error TS2769: No overload matches this call.
  Overload 1 of 2, '(model: string, fields?: Omit<GoogleGenerativeAIChatInput, "model"> | undefined): ChatGoogleGenerativeAI', gave the following error.
    Argument of type '{ modelName: string; maxOutputTokens: number; }' is not assignable to parameter of type 'string'.
  Overload 2 of 2, '(fields: GoogleGenerativeAIChatInput): ChatGoogleGenerativeAI', gave the following error.
    Object literal may only specify known properties, and 'modelName' does not exist in type 'GoogleGenerativeAIChatInput'.
